// Jest Snapshot v1, https://goo.gl/fbAQLP

exports[`SuggestionContainer should match the snapshot 1`] = `ShallowWrapper {}`;

exports[`SuggestionContainer should render an error 1`] = `ShallowWrapper {}`;
