// Jest Snapshot v1, https://goo.gl/fbAQLP

exports[`SuggestionCard should match the snapshot 1`] = `undefined`;
