// Jest Snapshot v1, https://goo.gl/fbAQLP

exports[`Watchlist should match the snapshot 1`] = `ShallowWrapper {}`;
